[0;1m▄▄ ▄ ▄▄ ▄ ▄▄▄▄ ▄▄▄▄ ▄▄ ▄▄▄   [35m▄▄ [36m▄▄▄▄ ▄▄▄▄ ▄▄▄▄ ▄▄▄▄ [35m▄▄
[37m██ █ ██ █ ██ █ ██ █ ██ ██ █ [35m██  [36m██ █ ██ █ ██ █ ██ ▀  [35m██
[37m██▄█ ██▄█ ██▄▀ ██▄▀ ██ ██ █ [35m██  [36m██   ██ █ ██▄▀ ██▀   [35m██
[47m [37;40m█ █ [0m▄[1m▄ █ [47m [40m█ █ [47m▀[40m█ █ [47m▀[40m█ [47m [40m█ █ [45m [35;40m█  [46m [36;40m█ █ [46m [40m█ █ [46m▀[40m█ █ [46m [40m█ █  [35m█[45m [40m
[0m▀▀ ▀ ▀▀▀▀ ▀▀▀▀ ▀▀ ▀ ▀▀ ▀▀▀▀ [35m▀▀▀ [36m▀▀▀▀ ▀▀▀▀ ▀▀ ▀ ▀▀▀▀ [35m▀▀▀[0m
